// Jest Snapshot v1, https://goo.gl/fbAQLP

exports[`Matches Snapshot 1`] = `
<Styled(StyledTextFieldBase)
  autofocus={true}
  disabled={false}
  errorMessage={null}
  id="InputText"
  onChange={[Function]}
  onKeyDown={[Function]}
  placeholder="This is a placeholder"
  type="text"
  value=""
/>
`;
