// Jest Snapshot v1, https://goo.gl/fbAQLP

exports[`Table Testing Unit... Should render correctly 1`] = `
<styled.div
  id="Table_Detailed"
  style={
    Object {
      "width": "100%",
    }
  }
>
  <StyledWithViewportComponent
    className="root-40"
    columns={
      Array [
        Object {
          "ariaLabel": "Operations for vendor",
          "columnActionsMode": 1,
          "fieldName": "vendor",
          "isCollapsable": false,
          "isCollapsible": false,
          "isGrouped": false,
          "isMultiline": false,
          "isResizable": undefined,
          "isRowHeader": false,
          "isSorted": false,
          "isSortedDescending": false,
          "key": "vendor",
          "maxWidth": 300,
          "minWidth": 100,
          "name": "vendor",
          "onColumnClick": undefined,
          "onColumnContextMenu": undefined,
        },
        Object {
          "ariaLabel": "Operations for bus",
          "columnActionsMode": 1,
          "fieldName": "bus",
          "isCollapsable": true,
          "isCollapsible": true,
          "isGrouped": false,
          "isMultiline": false,
          "isResizable": undefined,
          "isRowHeader": false,
          "isSorted": false,
          "isSortedDescending": false,
          "key": "bus",
          "maxWidth": 300,
          "minWidth": 100,
          "name": "bus",
          "onColumnClick": undefined,
          "onColumnContextMenu": undefined,
        },
      ]
    }
    id="TableDetailedList"
    isHeaderVisible={true}
    items={
      Array [
        Object {
          "bus": "10",
          "vendor": "Record 1",
        },
        Object {
          "bus": "20",
          "vendor": "Record 2",
        },
        Object {
          "bus": "30",
          "vendor": "Record 3",
        },
      ]
    }
    layoutMode={1}
    onItemInvoked={[Function]}
    onRenderDetailsHeader={[Function]}
    onRenderItemColumn={[Function]}
    selectionMode={0}
    setKey="none"
  />
</styled.div>
`;
